Archive member included to satisfy reference by file (symbol)

c:/st/stm32cubeide_1.1.0/stm32cubeide/plugins/com.st.stm32cube.ide.mcu.externaltools.gnu-tools-for-stm32.7-2018-q2-update.win32_1.0.0.201904181610/tools/bin/../lib/gcc/arm-none-eabi/7.3.1/../../../../arm-none-eabi/lib/thumb/v7e-m/fpv4-sp/hard\libc_nano.a(lib_a-errno.o)
                              Core/Src/syscalls.o (__errno)
c:/st/stm32cubeide_1.1.0/stm32cubeide/plugins/com.st.stm32cube.ide.mcu.externaltools.gnu-tools-for-stm32.7-2018-q2-update.win32_1.0.0.201904181610/tools/bin/../lib/gcc/arm-none-eabi/7.3.1/../../../../arm-none-eabi/lib/thumb/v7e-m/fpv4-sp/hard\libc_nano.a(lib_a-exit.o)
                              c:/st/stm32cubeide_1.1.0/stm32cubeide/plugins/com.st.stm32cube.ide.mcu.externaltools.gnu-tools-for-stm32.7-2018-q2-update.win32_1.0.0.201904181610/tools/bin/../lib/gcc/arm-none-eabi/7.3.1/../../../../arm-none-eabi/lib/thumb/v7e-m/fpv4-sp/hard/crt0.o (exit)
c:/st/stm32cubeide_1.1.0/stm32cubeide/plugins/com.st.stm32cube.ide.mcu.externaltools.gnu-tools-for-stm32.7-2018-q2-update.win32_1.0.0.201904181610/tools/bin/../lib/gcc/arm-none-eabi/7.3.1/../../../../arm-none-eabi/lib/thumb/v7e-m/fpv4-sp/hard\libc_nano.a(lib_a-impure.o)
                              c:/st/stm32cubeide_1.1.0/stm32cubeide/plugins/com.st.stm32cube.ide.mcu.externaltools.gnu-tools-for-stm32.7-2018-q2-update.win32_1.0.0.201904181610/tools/bin/../lib/gcc/arm-none-eabi/7.3.1/../../../../arm-none-eabi/lib/thumb/v7e-m/fpv4-sp/hard\libc_nano.a(lib_a-exit.o) (_global_impure_ptr)
c:/st/stm32cubeide_1.1.0/stm32cubeide/plugins/com.st.stm32cube.ide.mcu.externaltools.gnu-tools-for-stm32.7-2018-q2-update.win32_1.0.0.201904181610/tools/bin/../lib/gcc/arm-none-eabi/7.3.1/../../../../arm-none-eabi/lib/thumb/v7e-m/fpv4-sp/hard\libc_nano.a(lib_a-init.o)
                              c:/st/stm32cubeide_1.1.0/stm32cubeide/plugins/com.st.stm32cube.ide.mcu.externaltools.gnu-tools-for-stm32.7-2018-q2-update.win32_1.0.0.201904181610/tools/bin/../lib/gcc/arm-none-eabi/7.3.1/../../../../arm-none-eabi/lib/thumb/v7e-m/fpv4-sp/hard/crt0.o (__libc_init_array)
c:/st/stm32cubeide_1.1.0/stm32cubeide/plugins/com.st.stm32cube.ide.mcu.externaltools.gnu-tools-for-stm32.7-2018-q2-update.win32_1.0.0.201904181610/tools/bin/../lib/gcc/arm-none-eabi/7.3.1/../../../../arm-none-eabi/lib/thumb/v7e-m/fpv4-sp/hard\libc_nano.a(lib_a-memset.o)
                              c:/st/stm32cubeide_1.1.0/stm32cubeide/plugins/com.st.stm32cube.ide.mcu.externaltools.gnu-tools-for-stm32.7-2018-q2-update.win32_1.0.0.201904181610/tools/bin/../lib/gcc/arm-none-eabi/7.3.1/../../../../arm-none-eabi/lib/thumb/v7e-m/fpv4-sp/hard/crt0.o (memset)
c:/st/stm32cubeide_1.1.0/stm32cubeide/plugins/com.st.stm32cube.ide.mcu.externaltools.gnu-tools-for-stm32.7-2018-q2-update.win32_1.0.0.201904181610/tools/bin/../lib/gcc/arm-none-eabi/7.3.1/thumb/v7e-m/fpv4-sp/hard\libgcc.a(_aeabi_uldivmod.o)
                              Drivers/STM32F4xx_HAL_Driver/Src/stm32f4xx_hal_rcc.o (__aeabi_uldivmod)
c:/st/stm32cubeide_1.1.0/stm32cubeide/plugins/com.st.stm32cube.ide.mcu.externaltools.gnu-tools-for-stm32.7-2018-q2-update.win32_1.0.0.201904181610/tools/bin/../lib/gcc/arm-none-eabi/7.3.1/thumb/v7e-m/fpv4-sp/hard\libgcc.a(_udivmoddi4.o)
                              c:/st/stm32cubeide_1.1.0/stm32cubeide/plugins/com.st.stm32cube.ide.mcu.externaltools.gnu-tools-for-stm32.7-2018-q2-update.win32_1.0.0.201904181610/tools/bin/../lib/gcc/arm-none-eabi/7.3.1/thumb/v7e-m/fpv4-sp/hard\libgcc.a(_aeabi_uldivmod.o) (__udivmoddi4)
c:/st/stm32cubeide_1.1.0/stm32cubeide/plugins/com.st.stm32cube.ide.mcu.externaltools.gnu-tools-for-stm32.7-2018-q2-update.win32_1.0.0.201904181610/tools/bin/../lib/gcc/arm-none-eabi/7.3.1/thumb/v7e-m/fpv4-sp/hard\libgcc.a(_dvmd_tls.o)
                              c:/st/stm32cubeide_1.1.0/stm32cubeide/plugins/com.st.stm32cube.ide.mcu.externaltools.gnu-tools-for-stm32.7-2018-q2-update.win32_1.0.0.201904181610/tools/bin/../lib/gcc/arm-none-eabi/7.3.1/thumb/v7e-m/fpv4-sp/hard\libgcc.a(_aeabi_uldivmod.o) (__aeabi_ldiv0)

Allocating common symbols
Common symbol       size              file

uwTick              0x4               Drivers/STM32F4xx_HAL_Driver/Src/stm32f4xx_hal.o
pFlash              0x20              Drivers/STM32F4xx_HAL_Driver/Src/stm32f4xx_hal_flash.o
htimer6             0x40              Core/Src/main.o

Discarded input sections

 .text          0x0000000000000000        0x0 c:/st/stm32cubeide_1.1.0/stm32cubeide/plugins/com.st.stm32cube.ide.mcu.externaltools.gnu-tools-for-stm32.7-2018-q2-update.win32_1.0.0.201904181610/tools/bin/../lib/gcc/arm-none-eabi/7.3.1/thumb/v7e-m/fpv4-sp/hard/crti.o
 .data          0x0000000000000000        0x0 c:/st/stm32cubeide_1.1.0/stm32cubeide/plugins/com.st.stm32cube.ide.mcu.externaltools.gnu-tools-for-stm32.7-2018-q2-update.win32_1.0.0.201904181610/tools/bin/../lib/gcc/arm-none-eabi/7.3.1/thumb/v7e-m/fpv4-sp/hard/crti.o
[...]
Memory Configuration

Name             Origin             Length             Attributes
RAM              0x0000000020000000 0x0000000000020000 xrw
FLASH            0x0000000008000000 0x0000000000080000 xr
*default*        0x0000000000000000 0xffffffffffffffff

Linker script and memory map

LOAD c:/st/stm32cubeide_1.1.0/stm32cubeide/plugins/com.st.stm32cube.ide.mcu.externaltools.gnu-tools-for-stm32.7-2018-q2-update.win32_1.0.0.201904181610/tools/bin/../lib/gcc/arm-none-eabi/7.3.1/thumb/v7e-m/fpv4-sp/hard/crti.o
LOAD c:/st/stm32cubeide_1.1.0/stm32cubeide/plugins/com.st.stm32cube.ide.mcu.externaltools.gnu-tools-for-stm32.7-2018-q2-update.win32_1.0.0.201904181610/tools/bin/../lib/gcc/arm-none-eabi/7.3.1/thumb/v7e-m/fpv4-sp/hard/crtbegin.o
LOAD c:/st/stm32cubeide_1.1.0/stm32cubeide/plugins/com.st.stm32cube.ide.mcu.externaltools.gnu-tools-for-stm32.7-2018-q2-update.win32_1.0.0.201904181610/tools/bin/../lib/gcc/arm-none-eabi/7.3.1/../../../../arm-none-eabi/lib/thumb/v7e-m/fpv4-sp/hard/crt0.o
LOAD Core/Src/it.o
LOAD Core/Src/main.o
LOAD Core/Src/motor_control_gpio.o
LOAD Core/Src/motor_control_wrapper.o
LOAD Core/Src/msp.o
LOAD Core/Src/syscalls.o
LOAD Core/Src/sysmem.o
LOAD Core/Src/system_stm32f4xx.o
LOAD Core/Startup/startup_stm32f446retx.o
LOAD Drivers/STM32F4xx_HAL_Driver/Src/stm32f4xx_hal.o
LOAD Drivers/STM32F4xx_HAL_Driver/Src/stm32f4xx_hal_cortex.o
LOAD Drivers/STM32F4xx_HAL_Driver/Src/stm32f4xx_hal_dma.o
LOAD Drivers/STM32F4xx_HAL_Driver/Src/stm32f4xx_hal_dma_ex.o
LOAD Drivers/STM32F4xx_HAL_Driver/Src/stm32f4xx_hal_exti.o
LOAD Drivers/STM32F4xx_HAL_Driver/Src/stm32f4xx_hal_flash.o
LOAD Drivers/STM32F4xx_HAL_Driver/Src/stm32f4xx_hal_flash_ex.o
LOAD Drivers/STM32F4xx_HAL_Driver/Src/stm32f4xx_hal_flash_ramfunc.o
LOAD Drivers/STM32F4xx_HAL_Driver/Src/stm32f4xx_hal_gpio.o
LOAD Drivers/STM32F4xx_HAL_Driver/Src/stm32f4xx_hal_pwr.o
LOAD Drivers/STM32F4xx_HAL_Driver/Src/stm32f4xx_hal_pwr_ex.o
LOAD Drivers/STM32F4xx_HAL_Driver/Src/stm32f4xx_hal_rcc.o
LOAD Drivers/STM32F4xx_HAL_Driver/Src/stm32f4xx_hal_rcc_ex.o
LOAD Drivers/STM32F4xx_HAL_Driver/Src/stm32f4xx_hal_tim.o
LOAD Drivers/STM32F4xx_HAL_Driver/Src/stm32f4xx_hal_tim_ex.o
LOAD Drivers/STM32F4xx_HAL_Driver/Src/stm32f4xx_hal_uart.o
START GROUP
LOAD c:/st/stm32cubeide_1.1.0/stm32cubeide/plugins/com.st.stm32cube.ide.mcu.externaltools.gnu-tools-for-stm32.7-2018-q2-update.win32_1.0.0.201904181610/tools/bin/../lib/gcc/arm-none-eabi/7.3.1/../../../../arm-none-eabi/lib/thumb/v7e-m/fpv4-sp/hard\libc_nano.a
LOAD c:/st/stm32cubeide_1.1.0/stm32cubeide/plugins/com.st.stm32cube.ide.mcu.externaltools.gnu-tools-for-stm32.7-2018-q2-update.win32_1.0.0.201904181610/tools/bin/../lib/gcc/arm-none-eabi/7.3.1/../../../../arm-none-eabi/lib/thumb/v7e-m/fpv4-sp/hard\libm.a
END GROUP
START GROUP
LOAD c:/st/stm32cubeide_1.1.0/stm32cubeide/plugins/com.st.stm32cube.ide.mcu.externaltools.gnu-tools-for-stm32.7-2018-q2-update.win32_1.0.0.201904181610/tools/bin/../lib/gcc/arm-none-eabi/7.3.1/thumb/v7e-m/fpv4-sp/hard\libgcc.a
LOAD c:/st/stm32cubeide_1.1.0/stm32cubeide/plugins/com.st.stm32cube.ide.mcu.externaltools.gnu-tools-for-stm32.7-2018-q2-update.win32_1.0.0.201904181610/tools/bin/../lib/gcc/arm-none-eabi/7.3.1/../../../../arm-none-eabi/lib/thumb/v7e-m/fpv4-sp/hard\libc_nano.a
END GROUP
START GROUP
LOAD c:/st/stm32cubeide_1.1.0/stm32cubeide/plugins/com.st.stm32cube.ide.mcu.externaltools.gnu-tools-for-stm32.7-2018-q2-update.win32_1.0.0.201904181610/tools/bin/../lib/gcc/arm-none-eabi/7.3.1/thumb/v7e-m/fpv4-sp/hard\libgcc.a
LOAD c:/st/stm32cubeide_1.1.0/stm32cubeide/plugins/com.st.stm32cube.ide.mcu.externaltools.gnu-tools-for-stm32.7-2018-q2-update.win32_1.0.0.201904181610/tools/bin/../lib/gcc/arm-none-eabi/7.3.1/../../../../arm-none-eabi/lib/thumb/v7e-m/fpv4-sp/hard\libc_nano.a
LOAD c:/st/stm32cubeide_1.1.0/stm32cubeide/plugins/com.st.stm32cube.ide.mcu.externaltools.gnu-tools-for-stm32.7-2018-q2-update.win32_1.0.0.201904181610/tools/bin/../lib/gcc/arm-none-eabi/7.3.1/../../../../arm-none-eabi/lib/thumb/v7e-m/fpv4-sp/hard\libnosys.a
END GROUP
START GROUP
LOAD c:/st/stm32cubeide_1.1.0/stm32cubeide/plugins/com.st.stm32cube.ide.mcu.externaltools.gnu-tools-for-stm32.7-2018-q2-update.win32_1.0.0.201904181610/tools/bin/../lib/gcc/arm-none-eabi/7.3.1/thumb/v7e-m/fpv4-sp/hard\libgcc.a
LOAD c:/st/stm32cubeide_1.1.0/stm32cubeide/plugins/com.st.stm32cube.ide.mcu.externaltools.gnu-tools-for-stm32.7-2018-q2-update.win32_1.0.0.201904181610/tools/bin/../lib/gcc/arm-none-eabi/7.3.1/../../../../arm-none-eabi/lib/thumb/v7e-m/fpv4-sp/hard\libc_nano.a
LOAD c:/st/stm32cubeide_1.1.0/stm32cubeide/plugins/com.st.stm32cube.ide.mcu.externaltools.gnu-tools-for-stm32.7-2018-q2-update.win32_1.0.0.201904181610/tools/bin/../lib/gcc/arm-none-eabi/7.3.1/../../../../arm-none-eabi/lib/thumb/v7e-m/fpv4-sp/hard\libnosys.a
END GROUP
LOAD c:/st/stm32cubeide_1.1.0/stm32cubeide/plugins/com.st.stm32cube.ide.mcu.externaltools.gnu-tools-for-stm32.7-2018-q2-update.win32_1.0.0.201904181610/tools/bin/../lib/gcc/arm-none-eabi/7.3.1/thumb/v7e-m/fpv4-sp/hard/crtend.o
LOAD c:/st/stm32cubeide_1.1.0/stm32cubeide/plugins/com.st.stm32cube.ide.mcu.externaltools.gnu-tools-for-stm32.7-2018-q2-update.win32_1.0.0.201904181610/tools/bin/../lib/gcc/arm-none-eabi/7.3.1/thumb/v7e-m/fpv4-sp/hard/crtn.o
                0x0000000020020000                _estack = (ORIGIN (RAM) + LENGTH (RAM))
                0x0000000000000200                _Min_Heap_Size = 0x200
                0x0000000000000400                _Min_Stack_Size = 0x400

.isr_vector     0x0000000008000000      0x1c4
                0x0000000008000000                . = ALIGN (0x4)
 *(.isr_vector)
 .isr_vector    0x0000000008000000      0x1c4 Core/Startup/startup_stm32f446retx.o
                0x0000000008000000                g_pfnVectors
                0x00000000080001c4                . = ALIGN (0x4)

.text           0x00000000080001c4      0xdc0
                0x00000000080001c4                . = ALIGN (0x4)
 *(.text)
 .text          0x00000000080001c4       0x40 c:/st/stm32cubeide_1.1.0/stm32cubeide/plugins/com.st.stm32cube.ide.mcu.externaltools.gnu-tools-for-stm32.7-2018-q2-update.win32_1.0.0.201904181610/tools/bin/../lib/gcc/arm-none-eabi/7.3.1/thumb/v7e-m/fpv4-sp/hard/crtbegin.o
 *(.text*)
 .text.main     0x0000000008000204       0x68 Core/Src/main.o
                0x0000000008000204                main
 .text.SystemClockConfig
                0x000000000800026c        0xe Core/Src/main.o
                0x000000000800026c                SystemClockConfig
 *fill*         0x000000000800027a        0x2 
 .text.GPIO_Init
                0x000000000800027c       0x6c Core/Src/main.o
                0x000000000800027c                GPIO_Init
 .text.TIMER6_Init
                0x00000000080002e8       0x34 Core/Src/main.o
                0x00000000080002e8                TIMER6_Init
 .text.Error_handler
                0x000000000800031c        0xe Core/Src/main.o
                0x000000000800031c                Error_handler
 *fill*         0x000000000800032a        0x2 
 .text.hundredms_wt
                0x000000000800032c       0x40 Core/Src/main.o
                0x000000000800032c                hundredms_wt
 .text.MotorControlGPIO_Init
                0x000000000800036c       0x9c Core/Src/motor_control_gpio.o
                0x000000000800036c                MotorControlGPIO_Init
 .text.StopMotorsGPIO
                0x0000000008000408       0x6c Core/Src/motor_control_gpio.o
                0x0000000008000408                StopMotorsGPIO
 .text.ForwardGPIO
                0x0000000008000474       0x6c Core/Src/motor_control_gpio.o
                0x0000000008000474                ForwardGPIO
 .text.ReverseGPIO
                0x00000000080004e0       0x6c Core/Src/motor_control_gpio.o
                0x00000000080004e0                ReverseGPIO
 .text.TurnLeftGPIO
                0x000000000800054c       0x6c Core/Src/motor_control_gpio.o
                0x000000000800054c                TurnLeftGPIO
 .text.TurnRightGPIO
                0x00000000080005b8       0x6c Core/Src/motor_control_gpio.o
                0x00000000080005b8                TurnRightGPIO
 .text.HAL_MspInit
                0x0000000008000624       0x44 Core/Src/msp.o
                0x0000000008000624                HAL_MspInit
 .text.HAL_TIM_Base_MspInit
                0x0000000008000668       0x40 Core/Src/msp.o
                0x0000000008000668                HAL_TIM_Base_MspInit
 .text.SystemInit
                0x00000000080006a8       0x2c Core/Src/system_stm32f4xx.o
                0x00000000080006a8                SystemInit
 .text.Reset_Handler
                0x00000000080006d4       0x50 Core/Startup/startup_stm32f446retx.o
                0x00000000080006d4                Reset_Handler
 .text.Default_Handler
                0x0000000008000724        0x2 Core/Startup/startup_stm32f446retx.o
                0x0000000008000724                RTC_Alarm_IRQHandler
                0x0000000008000724                EXTI2_IRQHandler
                0x0000000008000724                TIM8_CC_IRQHandler
                0x0000000008000724                DebugMon_Handler
                0x0000000008000724                FMPI2C1_EV_IRQHandler
                0x0000000008000724                SPI4_IRQHandler
                0x0000000008000724                TIM1_CC_IRQHandler
                0x0000000008000724                DMA2_Stream5_IRQHandler
                0x0000000008000724                HardFault_Handler
                0x0000000008000724                DMA1_Stream5_IRQHandler
                0x0000000008000724                SysTick_Handler
                0x0000000008000724                PVD_IRQHandler
                0x0000000008000724                SDIO_IRQHandler
                0x0000000008000724                TAMP_STAMP_IRQHandler
                0x0000000008000724                PendSV_Handler
                0x0000000008000724                NMI_Handler
                0x0000000008000724                CAN2_RX1_IRQHandler
                0x0000000008000724                EXTI3_IRQHandler
                0x0000000008000724                TIM8_TRG_COM_TIM14_IRQHandler
                0x0000000008000724                TIM1_UP_TIM10_IRQHandler
                0x0000000008000724                TIM8_UP_TIM13_IRQHandler
                0x0000000008000724                I2C3_ER_IRQHandler
                0x0000000008000724                EXTI0_IRQHandler
                0x0000000008000724                I2C2_EV_IRQHandler
                0x0000000008000724                DMA1_Stream2_IRQHandler
                0x0000000008000724                CAN1_RX0_IRQHandler
                0x0000000008000724                FPU_IRQHandler
                0x0000000008000724                OTG_HS_WKUP_IRQHandler
                0x0000000008000724                UsageFault_Handler
                0x0000000008000724                CAN2_SCE_IRQHandler
                0x0000000008000724                DMA2_Stream2_IRQHandler
                0x0000000008000724                SPI1_IRQHandler
                0x0000000008000724                TIM6_DAC_IRQHandler
                0x0000000008000724                TIM1_BRK_TIM9_IRQHandler
                0x0000000008000724                DCMI_IRQHandler
                0x0000000008000724                CAN2_RX0_IRQHandler
                0x0000000008000724                DMA2_Stream3_IRQHandler
                0x0000000008000724                SAI2_IRQHandler
                0x0000000008000724                USART6_IRQHandler
                0x0000000008000724                USART3_IRQHandler
                0x0000000008000724                CAN1_RX1_IRQHandler
                0x0000000008000724                UART5_IRQHandler
                0x0000000008000724                DMA2_Stream0_IRQHandler
                0x0000000008000724                TIM4_IRQHandler
                0x0000000008000724                QUADSPI_IRQHandler
                0x0000000008000724                I2C1_EV_IRQHandler
                0x0000000008000724                DMA1_Stream6_IRQHandler
                0x0000000008000724                DMA1_Stream1_IRQHandler
                0x0000000008000724                UART4_IRQHandler
                0x0000000008000724                TIM3_IRQHandler
                0x0000000008000724                RCC_IRQHandler
                0x0000000008000724                TIM8_BRK_TIM12_IRQHandler
                0x0000000008000724                Default_Handler
                0x0000000008000724                CEC_IRQHandler
                0x0000000008000724                EXTI15_10_IRQHandler
                0x0000000008000724                ADC_IRQHandler
                0x0000000008000724                DMA1_Stream7_IRQHandler
                0x0000000008000724                TIM7_IRQHandler
                0x0000000008000724                CAN2_TX_IRQHandler
                0x0000000008000724                TIM5_IRQHandler
                0x0000000008000724                DMA2_Stream7_IRQHandler
                0x0000000008000724                I2C3_EV_IRQHandler
                0x0000000008000724                EXTI9_5_IRQHandler
                0x0000000008000724                RTC_WKUP_IRQHandler
                0x0000000008000724                SPDIF_RX_IRQHandler
                0x0000000008000724                SPI2_IRQHandler
                0x0000000008000724                OTG_HS_EP1_IN_IRQHandler
                0x0000000008000724                MemManage_Handler
                0x0000000008000724                DMA1_Stream0_IRQHandler
                0x0000000008000724                CAN1_TX_IRQHandler
                0x0000000008000724                SVC_Handler
                0x0000000008000724                FMPI2C1_ER_IRQHandler
                0x0000000008000724                EXTI4_IRQHandler
                0x0000000008000724                OTG_HS_EP1_OUT_IRQHandler
                0x0000000008000724                WWDG_IRQHandler
                0x0000000008000724                TIM2_IRQHandler
                0x0000000008000724                OTG_FS_WKUP_IRQHandler
                0x0000000008000724                TIM1_TRG_COM_TIM11_IRQHandler
                0x0000000008000724                OTG_HS_IRQHandler
                0x0000000008000724                EXTI1_IRQHandler
                0x0000000008000724                USART2_IRQHandler
                0x0000000008000724                I2C2_ER_IRQHandler
                0x0000000008000724                DMA2_Stream1_IRQHandler
                0x0000000008000724                CAN1_SCE_IRQHandler
                0x0000000008000724                FLASH_IRQHandler
                0x0000000008000724                DMA2_Stream4_IRQHandler
                0x0000000008000724                BusFault_Handler
                0x0000000008000724                USART1_IRQHandler
                0x0000000008000724                OTG_FS_IRQHandler
                0x0000000008000724                SPI3_IRQHandler
                0x0000000008000724                DMA1_Stream4_IRQHandler
                0x0000000008000724                I2C1_ER_IRQHandler
                0x0000000008000724                FMC_IRQHandler
                0x0000000008000724                DMA2_Stream6_IRQHandler
                0x0000000008000724                SAI1_IRQHandler
                0x0000000008000724                DMA1_Stream3_IRQHandler
 *fill*         0x0000000008000726        0x2 
 .text.HAL_Init
                0x0000000008000728       0x44 Drivers/STM32F4xx_HAL_Driver/Src/stm32f4xx_hal.o
                0x0000000008000728                HAL_Init
 .text.HAL_InitTick
                0x000000000800076c       0x60 Drivers/STM32F4xx_HAL_Driver/Src/stm32f4xx_hal.o
                0x000000000800076c                HAL_InitTick
 .text.__NVIC_SetPriorityGrouping
                0x00000000080007cc       0x48 Drivers/STM32F4xx_HAL_Driver/Src/stm32f4xx_hal_cortex.o
 .text.__NVIC_GetPriorityGrouping
                0x0000000008000814       0x1c Drivers/STM32F4xx_HAL_Driver/Src/stm32f4xx_hal_cortex.o
 .text.__NVIC_EnableIRQ
                0x0000000008000830       0x3c Drivers/STM32F4xx_HAL_Driver/Src/stm32f4xx_hal_cortex.o
 .text.__NVIC_SetPriority
                0x000000000800086c       0x54 Drivers/STM32F4xx_HAL_Driver/Src/stm32f4xx_hal_cortex.o
 .text.NVIC_EncodePriority
                0x00000000080008c0       0x66 Drivers/STM32F4xx_HAL_Driver/Src/stm32f4xx_hal_cortex.o
 *fill*         0x0000000008000926        0x2 
 .text.SysTick_Config
                0x0000000008000928       0x44 Drivers/STM32F4xx_HAL_Driver/Src/stm32f4xx_hal_cortex.o
 .text.HAL_NVIC_SetPriorityGrouping
                0x000000000800096c       0x16 Drivers/STM32F4xx_HAL_Driver/Src/stm32f4xx_hal_cortex.o
                0x000000000800096c                HAL_NVIC_SetPriorityGrouping
 .text.HAL_NVIC_SetPriority
                0x0000000008000982       0x38 Drivers/STM32F4xx_HAL_Driver/Src/stm32f4xx_hal_cortex.o
                0x0000000008000982                HAL_NVIC_SetPriority
 .text.HAL_NVIC_EnableIRQ
                0x00000000080009ba       0x1c Drivers/STM32F4xx_HAL_Driver/Src/stm32f4xx_hal_cortex.o
                0x00000000080009ba                HAL_NVIC_EnableIRQ
 .text.HAL_SYSTICK_Config
                0x00000000080009d6       0x18 Drivers/STM32F4xx_HAL_Driver/Src/stm32f4xx_hal_cortex.o
                0x00000000080009d6                HAL_SYSTICK_Config
 *fill*         0x00000000080009ee        0x2 
 .text.HAL_GPIO_Init
                0x00000000080009f0      0x324 Drivers/STM32F4xx_HAL_Driver/Src/stm32f4xx_hal_gpio.o
                0x00000000080009f0                HAL_GPIO_Init
 .text.HAL_GPIO_WritePin
                0x0000000008000d14       0x32 Drivers/STM32F4xx_HAL_Driver/Src/stm32f4xx_hal_gpio.o
                0x0000000008000d14                HAL_GPIO_WritePin
 .text.HAL_TIM_Base_Init
                0x0000000008000d46       0x56 Drivers/STM32F4xx_HAL_Driver/Src/stm32f4xx_hal_tim.o
                0x0000000008000d46                HAL_TIM_Base_Init
 .text.HAL_TIM_Base_Start
                0x0000000008000d9c       0x48 Drivers/STM32F4xx_HAL_Driver/Src/stm32f4xx_hal_tim.o
                0x0000000008000d9c                HAL_TIM_Base_Start
 .text.TIM_Base_SetConfig
                0x0000000008000de4      0x140 Drivers/STM32F4xx_HAL_Driver/Src/stm32f4xx_hal_tim.o
                0x0000000008000de4                TIM_Base_SetConfig
 .text.__libc_init_array
                0x0000000008000f24       0x48 c:/st/stm32cubeide_1.1.0/stm32cubeide/plugins/com.st.stm32cube.ide.mcu.externaltools.gnu-tools-for-stm32.7-2018-q2-update.win32_1.0.0.201904181610/tools/bin/../lib/gcc/arm-none-eabi/7.3.1/../../../../arm-none-eabi/lib/thumb/v7e-m/fpv4-sp/hard\libc_nano.a(lib_a-init.o)
                0x0000000008000f24                __libc_init_array
 *(.glue_7)
 .glue_7        0x0000000008000f6c        0x0 linker stubs
 *(.glue_7t)
 .glue_7t       0x0000000008000f6c        0x0 linker stubs
 *(.eh_frame)
 .eh_frame      0x0000000008000f6c        0x0 c:/st/stm32cubeide_1.1.0/stm32cubeide/plugins/com.st.stm32cube.ide.mcu.externaltools.gnu-tools-for-stm32.7-2018-q2-update.win32_1.0.0.201904181610/tools/bin/../lib/gcc/arm-none-eabi/7.3.1/thumb/v7e-m/fpv4-sp/hard/crtbegin.o
 *(.init)
 .init          0x0000000008000f6c        0x4 c:/st/stm32cubeide_1.1.0/stm32cubeide/plugins/com.st.stm32cube.ide.mcu.externaltools.gnu-tools-for-stm32.7-2018-q2-update.win32_1.0.0.201904181610/tools/bin/../lib/gcc/arm-none-eabi/7.3.1/thumb/v7e-m/fpv4-sp/hard/crti.o
                0x0000000008000f6c                _init
 .init          0x0000000008000f70        0x8 c:/st/stm32cubeide_1.1.0/stm32cubeide/plugins/com.st.stm32cube.ide.mcu.externaltools.gnu-tools-for-stm32.7-2018-q2-update.win32_1.0.0.201904181610/tools/bin/../lib/gcc/arm-none-eabi/7.3.1/thumb/v7e-m/fpv4-sp/hard/crtn.o
 *(.fini)
 .fini          0x0000000008000f78        0x4 c:/st/stm32cubeide_1.1.0/stm32cubeide/plugins/com.st.stm32cube.ide.mcu.externaltools.gnu-tools-for-stm32.7-2018-q2-update.win32_1.0.0.201904181610/tools/bin/../lib/gcc/arm-none-eabi/7.3.1/thumb/v7e-m/fpv4-sp/hard/crti.o
                0x0000000008000f78                _fini
 .fini          0x0000000008000f7c        0x8 c:/st/stm32cubeide_1.1.0/stm32cubeide/plugins/com.st.stm32cube.ide.mcu.externaltools.gnu-tools-for-stm32.7-2018-q2-update.win32_1.0.0.201904181610/tools/bin/../lib/gcc/arm-none-eabi/7.3.1/thumb/v7e-m/fpv4-sp/hard/crtn.o
                0x0000000008000f84                . = ALIGN (0x4)
                0x0000000008000f84                _etext = .

.vfp11_veneer   0x0000000008000f84        0x0
 .vfp11_veneer  0x0000000008000f84        0x0 linker stubs

.v4_bx          0x0000000008000f84        0x0
 .v4_bx         0x0000000008000f84        0x0 linker stubs

.iplt           0x0000000008000f84        0x0
 .iplt          0x0000000008000f84        0x0 c:/st/stm32cubeide_1.1.0/stm32cubeide/plugins/com.st.stm32cube.ide.mcu.externaltools.gnu-tools-for-stm32.7-2018-q2-update.win32_1.0.0.201904181610/tools/bin/../lib/gcc/arm-none-eabi/7.3.1/thumb/v7e-m/fpv4-sp/hard/crtbegin.o

.rel.dyn        0x0000000008000f84        0x0
 .rel.iplt      0x0000000008000f84        0x0 c:/st/stm32cubeide_1.1.0/stm32cubeide/plugins/com.st.stm32cube.ide.mcu.externaltools.gnu-tools-for-stm32.7-2018-q2-update.win32_1.0.0.201904181610/tools/bin/../lib/gcc/arm-none-eabi/7.3.1/thumb/v7e-m/fpv4-sp/hard/crtbegin.o

.rodata         0x0000000008000f84        0x0
                0x0000000008000f84                . = ALIGN (0x4)
 *(.rodata)
 *(.rodata*)
                0x0000000008000f84                . = ALIGN (0x4)

.ARM.extab      0x0000000008000f84        0x0
                0x0000000008000f84                . = ALIGN (0x4)
 *(.ARM.extab* .gnu.linkonce.armextab.*)
                0x0000000008000f84                . = ALIGN (0x4)

.ARM            0x0000000008000f84        0x0
                0x0000000008000f84                . = ALIGN (0x4)
                0x0000000008000f84                __exidx_start = .
 *(.ARM.exidx*)
                0x0000000008000f84                __exidx_end = .
                0x0000000008000f84                . = ALIGN (0x4)

.preinit_array  0x0000000008000f84        0x0
                0x0000000008000f84                . = ALIGN (0x4)
                0x0000000008000f84                PROVIDE (__preinit_array_start = .)
 *(.preinit_array*)
                0x0000000008000f84                PROVIDE (__preinit_array_end = .)
                0x0000000008000f84                . = ALIGN (0x4)

.init_array     0x0000000008000f84        0x4
                0x0000000008000f84                . = ALIGN (0x4)
                0x0000000008000f84                PROVIDE (__init_array_start = .)
 *(SORT_BY_NAME(.init_array.*))
 *(.init_array*)
 .init_array    0x0000000008000f84        0x4 c:/st/stm32cubeide_1.1.0/stm32cubeide/plugins/com.st.stm32cube.ide.mcu.externaltools.gnu-tools-for-stm32.7-2018-q2-update.win32_1.0.0.201904181610/tools/bin/../lib/gcc/arm-none-eabi/7.3.1/thumb/v7e-m/fpv4-sp/hard/crtbegin.o
                0x0000000008000f88                PROVIDE (__init_array_end = .)
                0x0000000008000f88                . = ALIGN (0x4)

.fini_array     0x0000000008000f88        0x4
                0x0000000008000f88                . = ALIGN (0x4)
                [!provide]                        PROVIDE (__fini_array_start = .)
 *(SORT_BY_NAME(.fini_array.*))
 *(.fini_array*)
 .fini_array    0x0000000008000f88        0x4 c:/st/stm32cubeide_1.1.0/stm32cubeide/plugins/com.st.stm32cube.ide.mcu.externaltools.gnu-tools-for-stm32.7-2018-q2-update.win32_1.0.0.201904181610/tools/bin/../lib/gcc/arm-none-eabi/7.3.1/thumb/v7e-m/fpv4-sp/hard/crtbegin.o
                [!provide]                        PROVIDE (__fini_array_end = .)
                0x0000000008000f8c                . = ALIGN (0x4)
                0x0000000008000f8c                _sidata = LOADADDR (.data)

.data           0x0000000020000000        0xc load address 0x0000000008000f8c
                0x0000000020000000                . = ALIGN (0x4)
                0x0000000020000000                _sdata = .
 *(.data)
 *(.data*)
 .data.SystemCoreClock
                0x0000000020000000        0x4 Core/Src/system_stm32f4xx.o
                0x0000000020000000                SystemCoreClock
 .data.uwTickPrio
                0x0000000020000004        0x4 Drivers/STM32F4xx_HAL_Driver/Src/stm32f4xx_hal.o
                0x0000000020000004                uwTickPrio
 .data.uwTickFreq
                0x0000000020000008        0x1 Drivers/STM32F4xx_HAL_Driver/Src/stm32f4xx_hal.o
                0x0000000020000008                uwTickFreq
                0x000000002000000c                . = ALIGN (0x4)
 *fill*         0x0000000020000009        0x3 
                0x000000002000000c                _edata = .

.igot.plt       0x000000002000000c        0x0 load address 0x0000000008000f98
 .igot.plt      0x000000002000000c        0x0 c:/st/stm32cubeide_1.1.0/stm32cubeide/plugins/com.st.stm32cube.ide.mcu.externaltools.gnu-tools-for-stm32.7-2018-q2-update.win32_1.0.0.201904181610/tools/bin/../lib/gcc/arm-none-eabi/7.3.1/thumb/v7e-m/fpv4-sp/hard/crtbegin.o
                0x000000002000000c                . = ALIGN (0x4)

.bss            0x000000002000000c       0x5c load address 0x0000000008000f98
                0x000000002000000c                _sbss = .
                0x000000002000000c                __bss_start__ = _sbss
 *(.bss)
 .bss           0x000000002000000c       0x1c c:/st/stm32cubeide_1.1.0/stm32cubeide/plugins/com.st.stm32cube.ide.mcu.externaltools.gnu-tools-for-stm32.7-2018-q2-update.win32_1.0.0.201904181610/tools/bin/../lib/gcc/arm-none-eabi/7.3.1/thumb/v7e-m/fpv4-sp/hard/crtbegin.o
 *(.bss*)
 *(COMMON)
 COMMON         0x0000000020000028       0x40 Core/Src/main.o
                0x0000000020000028                htimer6
                0x0000000020000068                . = ALIGN (0x4)
                0x0000000020000068                _ebss = .
                0x0000000020000068                __bss_end__ = _ebss

._user_heap_stack
                0x0000000020000068      0x600 load address 0x0000000008000f98
                0x0000000020000068                . = ALIGN (0x8)
                0x0000000020000068                PROVIDE (end = .)
                [!provide]                        PROVIDE (_end = .)
                0x0000000020000268                . = (. + _Min_Heap_Size)
 *fill*         0x0000000020000068      0x200 
                0x0000000020000668                . = (. + _Min_Stack_Size)
 *fill*         0x0000000020000268      0x400 
                0x0000000020000668                . = ALIGN (0x8)

/DISCARD/
 libc.a(*)
 libm.a(*)
 libgcc.a(*)

.ARM.attributes
                0x0000000000000000       0x30
 *(.ARM.attributes)
 .ARM.attributes
                0x0000000000000000       0x22 c:/st/stm32cubeide_1.1.0/stm32cubeide/plugins/com.st.stm32cube.ide.mcu.externaltools.gnu-tools-for-stm32.7-2018-q2-update.win32_1.0.0.201904181610/tools/bin/../lib/gcc/arm-none-eabi/7.3.1/thumb/v7e-m/fpv4-sp/hard/crti.o
 .ARM.attributes
                0x0000000000000022       0x34 c:/st/stm32cubeide_1.1.0/stm32cubeide/plugins/com.st.stm32cube.ide.mcu.externaltools.gnu-tools-for-stm32.7-2018-q2-update.win32_1.0.0.201904181610/tools/bin/../lib/gcc/arm-none-eabi/7.3.1/thumb/v7e-m/fpv4-sp/hard/crtbegin.o
 .ARM.attributes
                0x0000000000000056       0x39 Core/Src/main.o
 .ARM.attributes
                0x000000000000008f       0x39 Core/Src/motor_control_gpio.o
 .ARM.attributes
                0x00000000000000c8       0x39 Core/Src/msp.o
 .ARM.attributes
                0x0000000000000101       0x39 Core/Src/system_stm32f4xx.o
 .ARM.attributes
                0x000000000000013a       0x21 Core/Startup/startup_stm32f446retx.o
 .ARM.attributes
                0x000000000000015b       0x39 Drivers/STM32F4xx_HAL_Driver/Src/stm32f4xx_hal.o
 .ARM.attributes
                0x0000000000000194       0x39 Drivers/STM32F4xx_HAL_Driver/Src/stm32f4xx_hal_cortex.o
 .ARM.attributes
                0x00000000000001cd       0x39 Drivers/STM32F4xx_HAL_Driver/Src/stm32f4xx_hal_gpio.o
 .ARM.attributes
                0x0000000000000206       0x39 Drivers/STM32F4xx_HAL_Driver/Src/stm32f4xx_hal_tim.o
 .ARM.attributes
                0x000000000000023f       0x34 c:/st/stm32cubeide_1.1.0/stm32cubeide/plugins/com.st.stm32cube.ide.mcu.externaltools.gnu-tools-for-stm32.7-2018-q2-update.win32_1.0.0.201904181610/tools/bin/../lib/gcc/arm-none-eabi/7.3.1/../../../../arm-none-eabi/lib/thumb/v7e-m/fpv4-sp/hard\libc_nano.a(lib_a-init.o)
 .ARM.attributes
                0x0000000000000273       0x22 c:/st/stm32cubeide_1.1.0/stm32cubeide/plugins/com.st.stm32cube.ide.mcu.externaltools.gnu-tools-for-stm32.7-2018-q2-update.win32_1.0.0.201904181610/tools/bin/../lib/gcc/arm-none-eabi/7.3.1/thumb/v7e-m/fpv4-sp/hard/crtn.o
OUTPUT(HESC.elf elf32-littlearm)

.debug_info     0x0000000000000000     0x6bd4
 .debug_info    0x0000000000000000     0x123c Core/Src/main.o
 .debug_info    0x000000000000123c      0x317 Core/Src/motor_control_gpio.o
 .debug_info    0x0000000000001553      0xc4e Core/Src/msp.o
 .debug_info    0x00000000000021a1      0x588 Core/Src/system_stm32f4xx.o
 .debug_info    0x0000000000002729       0x22 Core/Startup/startup_stm32f446retx.o
 .debug_info    0x000000000000274b      0x997 Drivers/STM32F4xx_HAL_Driver/Src/stm32f4xx_hal.o
 .debug_info    0x00000000000030e2      0xe46 Drivers/STM32F4xx_HAL_Driver/Src/stm32f4xx_hal_cortex.o
 .debug_info    0x0000000000003f28      0x803 Drivers/STM32F4xx_HAL_Driver/Src/stm32f4xx_hal_gpio.o
 .debug_info    0x000000000000472b     0x24a9 Drivers/STM32F4xx_HAL_Driver/Src/stm32f4xx_hal_tim.o

.debug_abbrev   0x0000000000000000      0xf3e
 .debug_abbrev  0x0000000000000000      0x26b Core/Src/main.o
 .debug_abbrev  0x000000000000026b      0x150 Core/Src/motor_control_gpio.o
 .debug_abbrev  0x00000000000003bb      0x18c Core/Src/msp.o
 .debug_abbrev  0x0000000000000547      0x12b Core/Src/system_stm32f4xx.o
 .debug_abbrev  0x0000000000000672       0x12 Core/Startup/startup_stm32f446retx.o
 .debug_abbrev  0x0000000000000684      0x1c7 Drivers/STM32F4xx_HAL_Driver/Src/stm32f4xx_hal.o
 .debug_abbrev  0x000000000000084b      0x2fa Drivers/STM32F4xx_HAL_Driver/Src/stm32f4xx_hal_cortex.o
 .debug_abbrev  0x0000000000000b45      0x1c9 Drivers/STM32F4xx_HAL_Driver/Src/stm32f4xx_hal_gpio.o
 .debug_abbrev  0x0000000000000d0e      0x230 Drivers/STM32F4xx_HAL_Driver/Src/stm32f4xx_hal_tim.o

.debug_aranges  0x0000000000000000      0x718
 .debug_aranges
                0x0000000000000000       0x48 Core/Src/main.o
 .debug_aranges
                0x0000000000000048       0x50 Core/Src/motor_control_gpio.o
 .debug_aranges
                0x0000000000000098       0x28 Core/Src/msp.o
 .debug_aranges
                0x00000000000000c0       0x28 Core/Src/system_stm32f4xx.o
 .debug_aranges
                0x00000000000000e8       0x28 Core/Startup/startup_stm32f446retx.o
 .debug_aranges
                0x0000000000000110       0xf0 Drivers/STM32F4xx_HAL_Driver/Src/stm32f4xx_hal.o
 .debug_aranges
                0x0000000000000200      0x118 Drivers/STM32F4xx_HAL_Driver/Src/stm32f4xx_hal_cortex.o
 .debug_aranges
                0x0000000000000318       0x58 Drivers/STM32F4xx_HAL_Driver/Src/stm32f4xx_hal_gpio.o
 .debug_aranges
                0x0000000000000370      0x3a8 Drivers/STM32F4xx_HAL_Driver/Src/stm32f4xx_hal_tim.o

.debug_ranges   0x0000000000000000      0x690
 .debug_ranges  0x0000000000000000       0x38 Core/Src/main.o
 .debug_ranges  0x0000000000000038       0x40 Core/Src/motor_control_gpio.o
 .debug_ranges  0x0000000000000078       0x18 Core/Src/msp.o
 .debug_ranges  0x0000000000000090       0x18 Core/Src/system_stm32f4xx.o
 .debug_ranges  0x00000000000000a8       0x20 Core/Startup/startup_stm32f446retx.o
 .debug_ranges  0x00000000000000c8       0xe0 Drivers/STM32F4xx_HAL_Driver/Src/stm32f4xx_hal.o
 .debug_ranges  0x00000000000001a8      0x108 Drivers/STM32F4xx_HAL_Driver/Src/stm32f4xx_hal_cortex.o
 .debug_ranges  0x00000000000002b0       0x48 Drivers/STM32F4xx_HAL_Driver/Src/stm32f4xx_hal_gpio.o
 .debug_ranges  0x00000000000002f8      0x398 Drivers/STM32F4xx_HAL_Driver/Src/stm32f4xx_hal_tim.o

.debug_macro    0x0000000000000000    0x20a1e
 .debug_macro   0x0000000000000000      0x341 Core/Src/main.o
 .debug_macro   0x0000000000000341       0x22 Core/Src/main.o
 .debug_macro   0x0000000000000363       0x40 Core/Src/main.o
 .debug_macro   0x00000000000003a3       0x18 Core/Src/main.o
 .debug_macro   0x00000000000003bb       0x94 Core/Src/main.o
 .debug_macro   0x000000000000044f       0x3c Core/Src/main.o
 .debug_macro   0x000000000000048b       0x34 Core/Src/main.o
 .debug_macro   0x00000000000004bf       0x16 Core/Src/main.o
 .debug_macro   0x00000000000004d5       0x57 Core/Src/main.o
 .debug_macro   0x000000000000052c       0x97 Core/Src/main.o
 .debug_macro   0x00000000000005c3      0x330 Core/Src/main.o
 .debug_macro   0x00000000000008f3       0xfd Core/Src/main.o
 .debug_macro   0x00000000000009f0       0x10 Core/Src/main.o
 .debug_macro   0x0000000000000a00       0x52 Core/Src/main.o
 .debug_macro   0x0000000000000a52       0x1f Core/Src/main.o
 .debug_macro   0x0000000000000a71       0x43 Core/Src/main.o
 .debug_macro   0x0000000000000ab4       0x20 Core/Src/main.o
 .debug_macro   0x0000000000000ad4      0x1a3 Core/Src/main.o
 .debug_macro   0x0000000000000c77       0x10 Core/Src/main.o
 .debug_macro   0x0000000000000c87       0x6a Core/Src/main.o
 .debug_macro   0x0000000000000cf1       0x1c Core/Src/main.o
 .debug_macro   0x0000000000000d0d       0x52 Core/Src/main.o
 .debug_macro   0x0000000000000d5f       0x40 Core/Src/main.o
 .debug_macro   0x0000000000000d9f       0x10 Core/Src/main.o
 .debug_macro   0x0000000000000daf       0x40 Core/Src/main.o
 .debug_macro   0x0000000000000def       0xd7 Core/Src/main.o
 .debug_macro   0x0000000000000ec6       0x1c Core/Src/main.o
 .debug_macro   0x0000000000000ee2       0x3d Core/Src/main.o
 .debug_macro   0x0000000000000f1f       0x16 Core/Src/main.o
 .debug_macro   0x0000000000000f35      0x145 Core/Src/main.o
 .debug_macro   0x000000000000107a      0x18a Core/Src/main.o
 .debug_macro   0x0000000000001204       0x32 Core/Src/main.o
 .debug_macro   0x0000000000001236       0x28 Core/Src/main.o
 .debug_macro   0x000000000000125e       0xef Core/Src/main.o
 .debug_macro   0x000000000000134d      0x1df Core/Src/main.o
 .debug_macro   0x000000000000152c       0x1c Core/Src/main.o
 .debug_macro   0x0000000000001548       0x22 Core/Src/main.o
 .debug_macro   0x000000000000156a       0xd9 Core/Src/main.o
 .debug_macro   0x0000000000001643     0x102d Core/Src/main.o
 .debug_macro   0x0000000000002670      0x11f Core/Src/main.o
 .debug_macro   0x000000000000278f    0x1672d Core/Src/main.o
 .debug_macro   0x0000000000018ebc       0x43 Core/Src/main.o
 .debug_macro   0x0000000000018eff     0x3652 Core/Src/main.o
 .debug_macro   0x000000000001c551       0x54 Core/Src/main.o
 .debug_macro   0x000000000001c5a5      0xc90 Core/Src/main.o
 .debug_macro   0x000000000001d235      0x9fe Core/Src/main.o
 .debug_macro   0x000000000001dc33      0x16d Core/Src/main.o
 .debug_macro   0x000000000001dda0      0x117 Core/Src/main.o
 .debug_macro   0x000000000001deb7      0x1a0 Core/Src/main.o
 .debug_macro   0x000000000001e057       0x27 Core/Src/main.o
 .debug_macro   0x000000000001e07e      0x287 Core/Src/main.o
 .debug_macro   0x000000000001e305       0x5f Core/Src/main.o
 .debug_macro   0x000000000001e364      0x236 Core/Src/main.o
 .debug_macro   0x000000000001e59a      0x132 Core/Src/main.o
 .debug_macro   0x000000000001e6cc      0x29c Core/Src/main.o
 .debug_macro   0x000000000001e968       0x2e Core/Src/main.o
 .debug_macro   0x000000000001e996      0x11a Core/Src/main.o
 .debug_macro   0x000000000001eab0       0xe8 Core/Src/main.o
 .debug_macro   0x000000000001eb98       0x89 Core/Src/main.o
 .debug_macro   0x000000000001ec21      0x8a0 Core/Src/main.o
 .debug_macro   0x000000000001f4c1       0x4d Core/Src/main.o
 .debug_macro   0x000000000001f50e      0x287 Core/Src/main.o
 .debug_macro   0x000000000001f795      0x126 Core/Src/main.o
 .debug_macro   0x000000000001f8bb       0x46 Core/Src/main.o
 .debug_macro   0x000000000001f901      0x220 Core/Src/motor_control_gpio.o
 .debug_macro   0x000000000001fb21       0x8e Core/Src/motor_control_gpio.o
 .debug_macro   0x000000000001fbaf       0x51 Core/Src/motor_control_gpio.o
 .debug_macro   0x000000000001fc00       0xdf Core/Src/motor_control_gpio.o
 .debug_macro   0x000000000001fcdf      0x174 Core/Src/motor_control_gpio.o
 .debug_macro   0x000000000001fe53       0x5a Core/Src/motor_control_gpio.o
 .debug_macro   0x000000000001fead      0x1ce Core/Src/msp.o
 .debug_macro   0x000000000002007b      0x1d4 Core/Src/system_stm32f4xx.o
 .debug_macro   0x000000000002024f      0x22e Drivers/STM32F4xx_HAL_Driver/Src/stm32f4xx_hal.o
 .debug_macro   0x000000000002047d      0x1ce Drivers/STM32F4xx_HAL_Driver/Src/stm32f4xx_hal_cortex.o
 .debug_macro   0x000000000002064b      0x204 Drivers/STM32F4xx_HAL_Driver/Src/stm32f4xx_hal_gpio.o
 .debug_macro   0x000000000002084f      0x1cf Drivers/STM32F4xx_HAL_Driver/Src/stm32f4xx_hal_tim.o

.debug_line     0x0000000000000000     0x5393
 .debug_line    0x0000000000000000      0x983 Core/Src/main.o
 .debug_line    0x0000000000000983      0x770 Core/Src/motor_control_gpio.o
 .debug_line    0x00000000000010f3      0x6be Core/Src/msp.o
 .debug_line    0x00000000000017b1      0x6dc Core/Src/system_stm32f4xx.o
 .debug_line    0x0000000000001e8d       0x86 Core/Startup/startup_stm32f446retx.o
 .debug_line    0x0000000000001f13      0x8c6 Drivers/STM32F4xx_HAL_Driver/Src/stm32f4xx_hal.o
 .debug_line    0x00000000000027d9      0x9ea Drivers/STM32F4xx_HAL_Driver/Src/stm32f4xx_hal_cortex.o
 .debug_line    0x00000000000031c3      0x891 Drivers/STM32F4xx_HAL_Driver/Src/stm32f4xx_hal_gpio.o
 .debug_line    0x0000000000003a54     0x193f Drivers/STM32F4xx_HAL_Driver/Src/stm32f4xx_hal_tim.o

.debug_str      0x0000000000000000    0xcdd66
 .debug_str     0x0000000000000000    0xcbc2e Core/Src/main.o
                                      0xcbfb7 (size before relaxing)
 .debug_str     0x00000000000cbc2e      0x23a Core/Src/motor_control_gpio.o
                                      0xc7a0b (size before relaxing)
 .debug_str     0x00000000000cbe68      0x590 Core/Src/msp.o
                                      0xc821c (size before relaxing)
 .debug_str     0x00000000000cc3f8       0x70 Core/Src/system_stm32f4xx.o
                                      0xc78fd (size before relaxing)
 .debug_str     0x00000000000cc468       0x36 Core/Startup/startup_stm32f446retx.o
                                         0x75 (size before relaxing)
 .debug_str     0x00000000000cc49e      0x58d Drivers/STM32F4xx_HAL_Driver/Src/stm32f4xx_hal.o
                                      0xc840b (size before relaxing)
 .debug_str     0x00000000000cca2b      0x3a8 Drivers/STM32F4xx_HAL_Driver/Src/stm32f4xx_hal_cortex.o
                                      0xc81d5 (size before relaxing)
 .debug_str     0x00000000000ccdd3      0x20c Drivers/STM32F4xx_HAL_Driver/Src/stm32f4xx_hal_gpio.o
                                      0xc7b3c (size before relaxing)
 .debug_str     0x00000000000ccfdf      0xd87 Drivers/STM32F4xx_HAL_Driver/Src/stm32f4xx_hal_tim.o
                                      0xc89e4 (size before relaxing)

.comment        0x0000000000000000       0x7b
 .comment       0x0000000000000000       0x7b Core/Src/main.o
                                         0x7c (size before relaxing)
 .comment       0x000000000000007b       0x7c Core/Src/motor_control_gpio.o
 .comment       0x000000000000007b       0x7c Core/Src/msp.o
 .comment       0x000000000000007b       0x7c Core/Src/system_stm32f4xx.o
 .comment       0x000000000000007b       0x7c Drivers/STM32F4xx_HAL_Driver/Src/stm32f4xx_hal.o
 .comment       0x000000000000007b       0x7c Drivers/STM32F4xx_HAL_Driver/Src/stm32f4xx_hal_cortex.o
 .comment       0x000000000000007b       0x7c Drivers/STM32F4xx_HAL_Driver/Src/stm32f4xx_hal_gpio.o
 .comment       0x000000000000007b       0x7c Drivers/STM32F4xx_HAL_Driver/Src/stm32f4xx_hal_tim.o

.debug_frame    0x0000000000000000     0x1cd0
 .debug_frame   0x0000000000000000       0xd4 Core/Src/main.o
 .debug_frame   0x00000000000000d4       0xe0 Core/Src/motor_control_gpio.o
 .debug_frame   0x00000000000001b4       0x50 Core/Src/msp.o
 .debug_frame   0x0000000000000204       0x58 Core/Src/system_stm32f4xx.o
 .debug_frame   0x000000000000025c      0x374 Drivers/STM32F4xx_HAL_Driver/Src/stm32f4xx_hal.o
 .debug_frame   0x00000000000005d0      0x498 Drivers/STM32F4xx_HAL_Driver/Src/stm32f4xx_hal_cortex.o
 .debug_frame   0x0000000000000a68      0x14c Drivers/STM32F4xx_HAL_Driver/Src/stm32f4xx_hal_gpio.o
 .debug_frame   0x0000000000000bb4     0x10f0 Drivers/STM32F4xx_HAL_Driver/Src/stm32f4xx_hal_tim.o
 .debug_frame   0x0000000000001ca4       0x2c c:/st/stm32cubeide_1.1.0/stm32cubeide/plugins/com.st.stm32cube.ide.mcu.externaltools.gnu-tools-for-stm32.7-2018-q2-update.win32_1.0.0.201904181610/tools/bin/../lib/gcc/arm-none-eabi/7.3.1/../../../../arm-none-eabi/lib/thumb/v7e-m/fpv4-sp/hard\libc_nano.a(lib_a-init.o)
